------------------------------------------------------------
Timing Analyzer Summary
------------------------------------------------------------

Type  : Slow 1100mV 85C Model Setup 'KEY[0]'
Slack : -5.621
TNS   : -846.901

Type  : Slow 1100mV 85C Model Hold 'KEY[0]'
Slack : 0.395
TNS   : 0.000

Type  : Slow 1100mV 85C Model Minimum Pulse Width 'KEY[0]'
Slack : -0.394
TNS   : -131.117

Type  : Slow 1100mV 85C Model Minimum Pulse Width 'CLOCK_50'
Slack : -0.394
TNS   : -8.469

Type  : Slow 1100mV 0C Model Setup 'KEY[0]'
Slack : -5.466
TNS   : -818.284

Type  : Slow 1100mV 0C Model Hold 'KEY[0]'
Slack : 0.415
TNS   : 0.000

Type  : Slow 1100mV 0C Model Minimum Pulse Width 'KEY[0]'
Slack : -0.394
TNS   : -116.272

Type  : Slow 1100mV 0C Model Minimum Pulse Width 'CLOCK_50'
Slack : -0.394
TNS   : -9.036

Type  : Fast 1100mV 85C Model Setup 'KEY[0]'
Slack : -3.763
TNS   : -381.106

Type  : Fast 1100mV 85C Model Hold 'KEY[0]'
Slack : 0.249
TNS   : 0.000

Type  : Fast 1100mV 85C Model Minimum Pulse Width 'KEY[0]'
Slack : -0.319
TNS   : -65.640

Type  : Fast 1100mV 85C Model Minimum Pulse Width 'CLOCK_50'
Slack : -0.090
TNS   : -1.400

Type  : Fast 1100mV 0C Model Setup 'KEY[0]'
Slack : -3.102
TNS   : -328.729

Type  : Fast 1100mV 0C Model Hold 'KEY[0]'
Slack : 0.199
TNS   : 0.000

Type  : Fast 1100mV 0C Model Minimum Pulse Width 'KEY[0]'
Slack : -0.317
TNS   : -64.808

Type  : Fast 1100mV 0C Model Minimum Pulse Width 'CLOCK_50'
Slack : -0.087
TNS   : -1.355

------------------------------------------------------------
